components/chat/ChatHeader.tsx(148,24): error TS2339: Property 'did' does not exist on type 'DBPeer'.
components/chat/MeshLinkStatus.tsx(5,10): error TS2305: Module '"@/store/chatStore"' has no exported member 'Message'.
components/chat/MessageBubble.tsx(284,25): error TS2698: Spread types may only be created from object types.
components/chat/MessageBubble.tsx(289,40): error TS7006: Parameter 'u' implicitly has an 'any' type.
components/chat/MessageBubble.tsx(468,41): error TS2304: Cannot find name 'toggleStarMessage'.
components/chat/MessageInput.tsx(74,9): error TS2820: Type '"sending"' is not assignable to type '"pending" | "sent" | "delivered" | "read" | "failed"'. Did you mean '"pending"'?
components/chat/MessageInput.tsx(111,30): error TS2345: Argument of type '{ id: string; senderId: string; receiverId: string; content: string; timestamp: number; status: "sent"; type: "voice"; isViewOnce: boolean; isDeleted: false; isEdited: false; fileData: { name: string; mimeType: string; blobUrl: string; duration: number; }; }' is not assignable to parameter of type 'DBMessage'.
  Type '{ id: string; senderId: string; receiverId: string; content: string; timestamp: number; status: "sent"; type: "voice"; isViewOnce: boolean; isDeleted: false; isEdited: false; fileData: { name: string; mimeType: string; blobUrl: string; duration: number; }; }' is missing the following properties from type 'DBMessage': transcript, isViewed, peerId, updatedAt
components/chat/MessageInput.tsx(133,30): error TS2345: Argument of type '{ id: string; senderId: string; receiverId: string; content: string; timestamp: number; status: "sent"; type: "file"; isViewOnce: boolean; isDeleted: false; isEdited: false; fileData: { name: string; mimeType: string; blobUrl: string; duration: number; size: number; }; }' is not assignable to parameter of type 'DBMessage'.
  Type '{ id: string; senderId: string; receiverId: string; content: string; timestamp: number; status: "sent"; type: "file"; isViewOnce: boolean; isDeleted: false; isEdited: false; fileData: { name: string; mimeType: string; blobUrl: string; duration: number; size: number; }; }' is missing the following properties from type 'DBMessage': transcript, isViewed, peerId, updatedAt
components/chat/MessageInput.tsx(158,22): error TS2820: Type '"sending"' is not assignable to type '"pending" | "sent" | "delivered" | "read" | "failed"'. Did you mean '"pending"'?
components/chat/MessageInput.tsx(232,34): error TS2345: Argument of type '{ id: string; senderId: string; receiverId: string; content: string; timestamp: number; status: "sent"; type: "text"; isDeleted: false; isEdited: false; }' is not assignable to parameter of type 'DBMessage'.
  Type '{ id: string; senderId: string; receiverId: string; content: string; timestamp: number; status: "sent"; type: "text"; isDeleted: false; isEdited: false; }' is missing the following properties from type 'DBMessage': transcript, isViewed, isViewOnce, peerId, updatedAt
components/connection/ConnectFlow.tsx(89,17): error TS2345: Argument of type '{ id: any; name: any; publicKey: any; isOnline: true; unreadCount: number; }' is not assignable to parameter of type 'DBPeer'.
  Type '{ id: any; name: any; publicKey: any; isOnline: true; unreadCount: number; }' is missing the following properties from type 'DBPeer': lastSeen, updatedAt
components/connection/ConnectFlow.tsx(117,22): error TS2345: Argument of type '{ id: any; senderId: any; receiverId: string; content: any; timestamp: any; status: "delivered"; type: "text"; isDeleted: false; isEdited: false; }' is not assignable to parameter of type 'string | DBMessage'.
  Type '{ id: any; senderId: any; receiverId: string; content: any; timestamp: any; status: "delivered"; type: "text"; isDeleted: false; isEdited: false; }' is missing the following properties from type 'DBMessage': transcript, isViewed, isViewOnce, peerId, updatedAt
components/connection/ConnectFlow.tsx(157,17): error TS2345: Argument of type '{ id: any; name: any; publicKey: any; isOnline: false; unreadCount: number; }' is not assignable to parameter of type 'DBPeer'.
  Type '{ id: any; name: any; publicKey: any; isOnline: false; unreadCount: number; }' is missing the following properties from type 'DBPeer': lastSeen, updatedAt
components/connection/ConnectFlow.tsx(171,17): error TS2345: Argument of type '{ id: any; name: any; publicKey: any; isOnline: false; unreadCount: number; }' is not assignable to parameter of type 'DBPeer'.
  Type '{ id: any; name: any; publicKey: any; isOnline: false; unreadCount: number; }' is missing the following properties from type 'DBPeer': lastSeen, updatedAt
components/connection/LocalChatProvider.tsx(55,19): error TS2345: Argument of type '{ id: string; name: string; publicKey: string; isOnline: true; unreadCount: number; }' is not assignable to parameter of type 'DBPeer'.
  Type '{ id: string; name: string; publicKey: string; isOnline: true; unreadCount: number; }' is missing the following properties from type 'DBPeer': lastSeen, updatedAt
components/connection/LocalChatProvider.tsx(69,19): error TS2345: Argument of type '{ id: string; name: string; publicKey: string; isOnline: true; unreadCount: number; }' is not assignable to parameter of type 'DBPeer'.
  Type '{ id: string; name: string; publicKey: string; isOnline: true; unreadCount: number; }' is missing the following properties from type 'DBPeer': lastSeen, updatedAt
components/connection/LocalChatProvider.tsx(89,24): error TS2345: Argument of type '{ id: string; senderId: string; receiverId: string; content: string; timestamp: number; status: "delivered"; type: "text"; isDeleted: false; isEdited: false; }' is not assignable to parameter of type 'string | DBMessage'.
  Type '{ id: string; senderId: string; receiverId: string; content: string; timestamp: number; status: "delivered"; type: "text"; isDeleted: false; isEdited: false; }' is missing the following properties from type 'DBMessage': transcript, isViewed, isViewOnce, peerId, updatedAt
components/connection/PeerDiscovery.tsx(107,17): error TS2345: Argument of type '{ id: any; name: any; publicKey: any; isOnline: false; unreadCount: number; }' is not assignable to parameter of type 'DBPeer'.
  Type '{ id: any; name: any; publicKey: any; isOnline: false; unreadCount: number; }' is missing the following properties from type 'DBPeer': lastSeen, updatedAt
components/connection/PeerDiscovery.tsx(134,17): error TS2345: Argument of type '{ id: any; name: any; publicKey: any; isOnline: false; unreadCount: number; }' is not assignable to parameter of type 'DBPeer'.
  Type '{ id: any; name: any; publicKey: any; isOnline: false; unreadCount: number; }' is missing the following properties from type 'DBPeer': lastSeen, updatedAt
components/connection/PeerDiscovery.tsx(153,53): error TS2345: Argument of type 'User | null' is not assignable to parameter of type '{ id: string; name: string; }'.
  Type 'null' is not assignable to type '{ id: string; name: string; }'.
components/connection/PeerDiscovery.tsx(155,27): error TS18047: 'currentUser' is possibly 'null'.
components/connection/PeerDiscovery.tsx(197,19): error TS2345: Argument of type '{ id: string; name: string; publicKey: string; isOnline: true; unreadCount: number; }' is not assignable to parameter of type 'DBPeer'.
  Type '{ id: string; name: string; publicKey: string; isOnline: true; unreadCount: number; }' is missing the following properties from type 'DBPeer': lastSeen, updatedAt
components/connection/PeerDiscovery.tsx(201,36): error TS2345: Argument of type '{ receiverId: string; status: "delivered"; type: "text"; isDeleted: false; isEdited: false; content: string; replyToId?: string; id: string; senderId: string; timestamp: number; }' is not assignable to parameter of type 'DBMessage'.
  Type '{ receiverId: string; status: "delivered"; type: "text"; isDeleted: false; isEdited: false; content: string; replyToId?: string | undefined; id: string; senderId: string; timestamp: number; }' is missing the following properties from type 'DBMessage': transcript, isViewed, isViewOnce, peerId, updatedAt
components/connection/PeerDiscovery.tsx(224,33): error TS2698: Spread types may only be created from object types.
components/connection/PeerDiscovery.tsx(227,52): error TS7006: Parameter 'u' implicitly has an 'any' type.
components/connection/PeerDiscovery.tsx(311,23): error TS2322: Type '(toPeerId?: string) => void' is not assignable to type 'MouseEventHandler<HTMLButtonElement>'.
  Types of parameters 'toPeerId' and 'event' are incompatible.
    Type 'MouseEvent<HTMLButtonElement, MouseEvent>' is not assignable to type 'string'.
components/emergency/BroadcastMessage.tsx(5,10): error TS2305: Module '"@/store/chatStore"' has no exported member 'Message'.
components/emergency/EmergencyModal.tsx(46,16): error TS2345: Argument of type '{ status: "sent"; type: "text"; isDeleted: false; isEdited: false; id: string; senderId: string; senderName: string; receiverId: string; content: string; timestamp: number; }' is not assignable to parameter of type 'string | DBMessage'.
  Type '{ status: "sent"; type: "text"; isDeleted: false; isEdited: false; id: string; senderId: string; senderName: string; receiverId: string; content: string; timestamp: number; }' is missing the following properties from type 'DBMessage': transcript, isViewed, isViewOnce, peerId, updatedAt
components/emergency/EmergencyPanel.tsx(55,16): error TS2345: Argument of type '{ id: string; senderId: string; receiverId: string; content: string; timestamp: number; status: "sent"; type: "text"; isDeleted: false; isEdited: false; }' is not assignable to parameter of type 'string | DBMessage'.
  Type '{ id: string; senderId: string; receiverId: string; content: string; timestamp: number; status: "sent"; type: "text"; isDeleted: false; isEdited: false; }' is missing the following properties from type 'DBMessage': transcript, isViewed, isViewOnce, peerId, updatedAt
components/file/FileMessage.tsx(5,10): error TS2305: Module '"@/store/chatStore"' has no exported member 'Message'.
components/file/FileUpload.tsx(49,7): error TS2820: Type '"sending"' is not assignable to type '"pending" | "sent" | "delivered" | "read" | "failed"'. Did you mean '"pending"'?
